../Core/Src/glcd.cpp:148:6:void Delay(int)	16	static
../Core/Src/glcd.cpp:157:6:void send_command(unsigned char)	16	static
../Core/Src/glcd.cpp:178:6:void glcd_on()	8	static
../Core/Src/glcd.cpp:186:6:void glcd_off()	8	static
../Core/Src/glcd.cpp:191:6:void glcd_putchar(unsigned char, unsigned char)	16	static
../Core/Src/glcd.cpp:232:6:void glcd_int_puts(int*, char, char)	32	static
../Core/Src/glcd.cpp:267:6:void glcd_puts(char*, char, char)	24	static
../Core/Src/glcd.cpp:289:6:void glcd_putImage(unsigned char, unsigned char)	16	static
../Core/Src/glcd.cpp:330:6:void glcd_disp_Image(unsigned char*, char, char, char, char)	24	static
../Core/Src/glcd.cpp:346:6:void glcd_puts_point(char, char, char)	24	static
../Core/Src/glcd.cpp:395:6:void glcd_gotoxy(unsigned char, unsigned char)	16	static
../Core/Src/glcd.cpp:401:6:void goto_row(unsigned char)	16	static
../Core/Src/glcd.cpp:407:6:void goto_column(unsigned char)	16	static
../Core/Src/glcd.cpp:454:6:void glcd_clrearline(unsigned int)	24	static
../Core/Src/glcd.cpp:474:6:void glcd_drawline(unsigned char, unsigned char, unsigned char, unsigned char)	16	static
../Core/Src/glcd.cpp:480:6:void glcd_clear_all()	16	static
../Core/Src/glcd.cpp:488:6:void glcd_clear_here(char, char, char, char)	32	static
