../Core/Src/glcd.cpp:13:6:void Delay(int)	16	static
../Core/Src/glcd.cpp:22:6:void send_command(unsigned char)	16	static
../Core/Src/glcd.cpp:43:6:void glcd_on()	8	static
../Core/Src/glcd.cpp:51:6:void glcd_off()	8	static
../Core/Src/glcd.cpp:56:6:void glcd_putchar(unsigned char, unsigned char)	16	static
../Core/Src/glcd.cpp:97:6:void glcd_int_puts(int*, char, char)	32	static
../Core/Src/glcd.cpp:132:6:void glcd_puts(char*, char, char)	24	static
../Core/Src/glcd.cpp:154:6:void glcd_putImage(unsigned char, unsigned char)	16	static
../Core/Src/glcd.cpp:195:6:void glcd_disp_Image(unsigned char*, char, char, char, char)	24	static
../Core/Src/glcd.cpp:211:6:void glcd_puts_point(char, char, char)	24	static
../Core/Src/glcd.cpp:260:6:void glcd_dot(char, char)	24	static
../Core/Src/glcd.cpp:302:6:void glcd_gotoxy(unsigned char, unsigned char)	16	static
../Core/Src/glcd.cpp:308:6:void goto_row(unsigned char)	16	static
../Core/Src/glcd.cpp:314:6:void goto_column(unsigned char)	16	static
../Core/Src/glcd.cpp:361:6:void glcd_clrearline(unsigned int)	24	static
../Core/Src/glcd.cpp:381:6:void glcd_drawline(unsigned char, unsigned char, unsigned char, unsigned char)	16	static
../Core/Src/glcd.cpp:387:6:void glcd_clear_all()	16	static
../Core/Src/glcd.cpp:395:6:void glcd_clear_here(char, char, char, char)	32	static
