/opt/st/stm32cubeide_1.11.0/plugins/com.st.stm32cube.ide.mcu.externaltools.gnu-tools-for-stm32.10.3-2021.10.linux64_1.0.100.202210260954/tools/arm-none-eabi/include/c++/10.3.1/arm-none-eabi/thumb/v7-m/nofp/bits/gthr-default.h:229:1:int __gthread_key_delete(__gthread_key_t)	16	static
../Core/Src/main.cpp:69:6:void HAL_GPIO_EXTI_Callback(uint16_t)	16	static
../Core/Src/main.cpp:99:6:)	272	static
../Core/Src/main.cpp:110:6:void QR()	16584	dynamic
../Core/Src/main.cpp:190:5:int main()	8	static
../Core/Src/main.cpp:292:6:void SystemClock_Config()	88	static
../Core/Src/main.cpp:337:6:void Error_Handler()	4	static,ignoring_inline_asm
../Core/Src/main.cpp:346:1:void __static_initialization_and_destruction_0(int, int)	16	static
../Core/Src/main.cpp:346:1:cpp)	8	static
../Core/Src/main.cpp:346:1:cpp)	8	static
