/opt/st/stm32cubeide_1.11.0/plugins/com.st.stm32cube.ide.mcu.externaltools.gnu-tools-for-stm32.10.3-2021.10.linux64_1.0.100.202210260954/tools/arm-none-eabi/include/c++/10.3.1/arm-none-eabi/thumb/v7-m/nofp/bits/gthr-default.h:229:1:int __gthread_key_delete(__gthread_key_t)	16	static
../Core/Src/qrcode.cpp:22:1:QRcode::QRcode()	16	static
../Core/Src/qrcode.cpp:26:6:void QRcode::init()	24	static
../Core/Src/qrcode.cpp:41:6:void QRcode::render(int, int, int)	24	static
../Core/Src/qrcode.cpp:62:6:void QRcode::create(std::string)	24	static
../Core/Src/qrcode.cpp:93:1:void __static_initialization_and_destruction_0(int, int)	16	static
../Core/Src/qrcode.cpp:93:1:cpp)	8	static
../Core/Src/qrcode.cpp:93:1:cpp)	8	static
